<html>
<body>
<pre>
<h1>µVision Build Log</h1>
<h2>Project:</h2>
C:\Users\Siddharthan A\OneDrive\Desktop\projectPCbaseddataacquisition\project.uvproj
Project File Date:  10/06/2023

<h2>Output:</h2>
Build target 'Target 1'
assembling Startup.s...
compiling main.c...
linking...
Program Size: Code=7844 RO-data=16 RW-data=0 ZI-data=1256  
FromELF: creating hex file...
"project.axf" - 0 Error(s), 0 Warning(s).
Build target 'Target 1'
assembling Startup.s...
compiling main.c...
linking...
Program Size: Code=7844 RO-data=16 RW-data=0 ZI-data=1256  
FromELF: creating hex file...
"project.axf" - 0 Error(s), 0 Warning(s).
Build target 'Target 1'
assembling Startup.s...
compiling main.c...
main.c(32): error:  #65: expected a ";"
Target not created
Build target 'Target 1'
assembling Startup.s...
compiling main.c...
linking...
Program Size: Code=7836 RO-data=16 RW-data=0 ZI-data=1256  
FromELF: creating hex file...
"project.axf" - 0 Error(s), 0 Warning(s).
Build target 'Target 1'
assembling Startup.s...
compiling main.c...
linking...
Program Size: Code=7780 RO-data=16 RW-data=0 ZI-data=1256  
FromELF: creating hex file...
"project.axf" - 0 Error(s), 0 Warning(s).
Build target 'Target 1'
assembling Startup.s...
compiling main.c...
linking...
Program Size: Code=7780 RO-data=16 RW-data=0 ZI-data=1256  
FromELF: creating hex file...
"project.axf" - 0 Error(s), 0 Warning(s).
